// Jest Snapshot v1, https://goo.gl/fbAQLP

exports[`EditPropertyForm Component renders the UI as expected 1`] = `
<form
  className="EditPropertyForm"
  onSubmit={[Function]}
>
  <div
    className="input-section"
  >
    <label
      htmlFor="address"
    >
      Address: 
    </label>
    <input
      name="address"
      onChange={[Function]}
      type="text"
      value=""
    />
    <label
      htmlFor="city"
    >
      City: 
    </label>
    <input
      name="city"
      onChange={[Function]}
      type="text"
      value=""
    />
    <label
      htmlFor="state"
    >
      State: 
    </label>
    <input
      name="state"
      onChange={[Function]}
      type="text"
      value=""
    />
  </div>
  <div
    className="input-section-row"
  >
    <label
      htmlFor="available"
    >
      Available
    </label>
    <input
      checked={false}
      id="available"
      name="status"
      onChange={[Function]}
      type="radio"
      value="available"
    />
    <label
      htmlFor="rented"
    >
      Rented
    </label>
    <input
      checked={false}
      id="rented"
      name="status"
      onChange={[Function]}
      type="radio"
      value="rented"
    />
    <label
      htmlFor="occupied"
    >
      Occupied
    </label>
    <input
      checked={false}
      id="occupied"
      name="status"
      onChange={[Function]}
      type="radio"
      value="occupied"
    />
  </div>
  <div
    className="date-range"
  />
  <div
    className="input-section"
  >
    <label
      htmlFor="rent-price"
    >
      Rent price:
    </label>
    <input
      name="rent_price"
      onChange={[Function]}
      type="number"
      value={0}
    />
    <label
      htmlFor="intial-price"
    >
      Initial price:
    </label>
    <input
      name="initial_price"
      onChange={[Function]}
      type="number"
      value={0}
    />
    <label
      htmlFor="mortgage-payment"
    >
      Mortgage payment: 
    </label>
    <input
      name="mortgage_payment"
      onChange={[Function]}
      placeholder="1500"
      type="number"
      value={0}
    />
  </div>
  <div
    className="submit-buttons"
  >
    <button
      type="submit"
    >
      Submit
    </button>
    <a
      href="/dashboard"
      onClick={[Function]}
    >
      <button>
        Cancel
      </button>
    </a>
  </div>
</form>
`;
