// Jest Snapshot v1, https://goo.gl/fbAQLP

exports[`LoginPage route component renders the UI as expected 1`] = `
<div
  className="LoginPage"
>
  <h2>
    Login
  </h2>
  <form
    className="LoginForm"
    onSubmit={[Function]}
  >
    <div
      role="alert"
    />
    <div
      className="email"
    >
      <label
        htmlFor="email"
      >
        Email
      </label>
      <input
        autoComplete="new-password"
        id="email"
        name="email"
        required={true}
        type="email"
      />
    </div>
    <div
      className="password"
    >
      <label
        htmlFor="password"
      >
        Password
      </label>
      <input
        autoComplete="new-password"
        id="password"
        name="password"
        required={true}
        type="password"
      />
    </div>
    <button
      type="submit"
    >
      Login
    </button>
  </form>
</div>
`;
